// Jest Snapshot v1, https://goo.gl/fbAQLP

exports[`app renders correctly 1`] = `
<div
  className="App"
>
  <div
    className="App-header"
  >
    <img
      alt="logo"
      className="App-logo"
      src="logo.svg"
    />
    <h2>
      Velkommen til Jest workshop i React, sjefen er 
      OFTIZ
    </h2>
  </div>
  <p
    className="App-intro"
  >
    Please skaff en ny sjef:
  </p>
  <input
    onChange={[Function]}
  />
  <div>
    <h4>
      Legg til bølle:
    </h4>
    <input />
    <button
      onClick={[Function]}
      type="submit"
    >
      Trykk for å legge til en BØLLE
    </button>
  </div>
</div>
`;

exports[`renders correctly 1`] = `
<div
  className="App"
>
  <div
    className="App-header"
  >
    <img
      alt="logo"
      className="App-logo"
      src="logo.svg"
    />
    <h2>
      Velkommen til Jest workshop i React, sjefen er 
      OFTIZ
    </h2>
  </div>
  <p
    className="App-intro"
  >
    Please skaff en ny sjef:
  </p>
  <input
    onChange={[Function]}
  />
  <div>
    <h4>
      Legg til bølle:
    </h4>
    <input />
    <button
      onClick={[Function]}
      type="submit"
    >
      Trykk for å legge til en BØLLE
    </button>
  </div>
</div>
`;
